[[34mDBG[0m] 2023-05-13 11:34:42.075729098 /home/xs/data/code_space/QLog/cmd/main.go:9 test!
